
human@LAPTOP-2F54FIBG MINGW64 ~/Desktop/New folder (master)
$ git init
Reinitialized existing Git repository in C:/Users/human/Desktop/New folder/.git/

human@LAPTOP-2F54FIBG MINGW64 ~/Desktop/New folder (master)
$ git config user.name "sakethranga"

human@LAPTOP-2F54FIBG MINGW64 ~/Desktop/New folder (master)
$ git add s1.txt

human@LAPTOP-2F54FIBG MINGW64 ~/Desktop/New folder (master)
$ git status
On branch master

No commits yet

Changes to be committed:
  (use "git rm --cached <file>..." to unstage)
        new file:   blue.txt
        new file:   s1.txt

Changes not staged for commit:
  (use "git add/rm <file>..." to update what will be committed)
  (use "git restore <file>..." to discard changes in working directory)
        deleted:    blue.txt


human@LAPTOP-2F54FIBG MINGW64 ~/Desktop/New folder (master)
$ git commit -m "first commit"
[master (root-commit) 59c084b] first commit
 2 files changed, 2 insertions(+)
 create mode 100644 blue.txt
 create mode 100644 s1.txt

human@LAPTOP-2F54FIBG MINGW64 ~/Desktop/New folder (master)
$ git remote add origin https://github.com/sakethranga/cranberry.git
fatal: remote origin already exists.

human@LAPTOP-2F54FIBG MINGW64 ~/Desktop/New folder (master)
$ git push -u origin master
Enumerating objects: 4, done.
Counting objects: 100% (4/4), done.
Delta compression using up to 4 threads
Compressing objects: 100% (2/2), done.
Writing objects: 100% (4/4), 265 bytes | 132.00 KiB/s, done.
Total 4 (delta 0), reused 0 (delta 0)
To https://github.com/sakethranga/cranberry.git
 * [new branch]      master -> master
Branch 'master' set up to track remote branch 'master' from 'origin'.
